Archive member included to satisfy reference by file (symbol)

c:/st/stm32cubeide_1.2.0/stm32cubeide/plugins/com.st.stm32cube.ide.mcu.externaltools.gnu-tools-for-stm32.7-2018-q2-update.win32_1.0.0.201904181610/tools/bin/../lib/gcc/arm-none-eabi/7.3.1/../../../../arm-none-eabi/lib/thumb/v7e-m/fpv4-sp/hard\libc_nano.a(lib_a-errno.o)
                              Core/Src/syscalls.o (__errno)
c:/st/stm32cubeide_1.2.0/stm32cubeide/plugins/com.st.stm32cube.ide.mcu.externaltools.gnu-tools-for-stm32.7-2018-q2-update.win32_1.0.0.201904181610/tools/bin/../lib/gcc/arm-none-eabi/7.3.1/../../../../arm-none-eabi/lib/thumb/v7e-m/fpv4-sp/hard\libc_nano.a(lib_a-exit.o)
                              c:/st/stm32cubeide_1.2.0/stm32cubeide/plugins/com.st.stm32cube.ide.mcu.externaltools.gnu-tools-for-stm32.7-2018-q2-update.win32_1.0.0.201904181610/tools/bin/../lib/gcc/arm-none-eabi/7.3.1/../../../../arm-none-eabi/lib/thumb/v7e-m/fpv4-sp/hard/crt0.o (exit)
c:/st/stm32cubeide_1.2.0/stm32cubeide/plugins/com.st.stm32cube.ide.mcu.externaltools.gnu-tools-for-stm32.7-2018-q2-update.win32_1.0.0.201904181610/tools/bin/../lib/gcc/arm-none-eabi/7.3.1/../../../../arm-none-eabi/lib/thumb/v7e-m/fpv4-sp/hard\libc_nano.a(lib_a-impure.o)
                              c:/st/stm32cubeide_1.2.0/stm32cubeide/plugins/com.st.stm32cube.ide.mcu.externaltools.gnu-tools-for-stm32.7-2018-q2-update.win32_1.0.0.201904181610/tools/bin/../lib/gcc/arm-none-eabi/7.3.1/../../../../arm-none-eabi/lib/thumb/v7e-m/fpv4-sp/hard\libc_nano.a(lib_a-exit.o) (_global_impure_ptr)
c:/st/stm32cubeide_1.2.0/stm32cubeide/plugins/com.st.stm32cube.ide.mcu.externaltools.gnu-tools-for-stm32.7-2018-q2-update.win32_1.0.0.201904181610/tools/bin/../lib/gcc/arm-none-eabi/7.3.1/../../../../arm-none-eabi/lib/thumb/v7e-m/fpv4-sp/hard\libc_nano.a(lib_a-init.o)
                              c:/st/stm32cubeide_1.2.0/stm32cubeide/plugins/com.st.stm32cube.ide.mcu.externaltools.gnu-tools-for-stm32.7-2018-q2-update.win32_1.0.0.201904181610/tools/bin/../lib/gcc/arm-none-eabi/7.3.1/../../../../arm-none-eabi/lib/thumb/v7e-m/fpv4-sp/hard/crt0.o (__libc_init_array)
c:/st/stm32cubeide_1.2.0/stm32cubeide/plugins/com.st.stm32cube.ide.mcu.externaltools.gnu-tools-for-stm32.7-2018-q2-update.win32_1.0.0.201904181610/tools/bin/../lib/gcc/arm-none-eabi/7.3.1/../../../../arm-none-eabi/lib/thumb/v7e-m/fpv4-sp/hard\libc_nano.a(lib_a-memset.o)
                              c:/st/stm32cubeide_1.2.0/stm32cubeide/plugins/com.st.stm32cube.ide.mcu.externaltools.gnu-tools-for-stm32.7-2018-q2-update.win32_1.0.0.201904181610/tools/bin/../lib/gcc/arm-none-eabi/7.3.1/../../../../arm-none-eabi/lib/thumb/v7e-m/fpv4-sp/hard/crt0.o (memset)
c:/st/stm32cubeide_1.2.0/stm32cubeide/plugins/com.st.stm32cube.ide.mcu.externaltools.gnu-tools-for-stm32.7-2018-q2-update.win32_1.0.0.201904181610/tools/bin/../lib/gcc/arm-none-eabi/7.3.1/thumb/v7e-m/fpv4-sp/hard\libgcc.a(_arm_addsubdf3.o)
                              Core/Src/main.o (__aeabi_f2d)
c:/st/stm32cubeide_1.2.0/stm32cubeide/plugins/com.st.stm32cube.ide.mcu.externaltools.gnu-tools-for-stm32.7-2018-q2-update.win32_1.0.0.201904181610/tools/bin/../lib/gcc/arm-none-eabi/7.3.1/thumb/v7e-m/fpv4-sp/hard\libgcc.a(_arm_muldivdf3.o)
                              Core/Src/main.o (__aeabi_dmul)
c:/st/stm32cubeide_1.2.0/stm32cubeide/plugins/com.st.stm32cube.ide.mcu.externaltools.gnu-tools-for-stm32.7-2018-q2-update.win32_1.0.0.201904181610/tools/bin/../lib/gcc/arm-none-eabi/7.3.1/thumb/v7e-m/fpv4-sp/hard\libgcc.a(_arm_truncdfsf2.o)
                              Core/Src/main.o (__aeabi_d2f)
c:/st/stm32cubeide_1.2.0/stm32cubeide/plugins/com.st.stm32cube.ide.mcu.externaltools.gnu-tools-for-stm32.7-2018-q2-update.win32_1.0.0.201904181610/tools/bin/../lib/gcc/arm-none-eabi/7.3.1/thumb/v7e-m/fpv4-sp/hard\libgcc.a(_aeabi_uldivmod.o)
                              Drivers/STM32F4xx_HAL_Driver/Src/stm32f4xx_hal_rcc.o (__aeabi_uldivmod)
c:/st/stm32cubeide_1.2.0/stm32cubeide/plugins/com.st.stm32cube.ide.mcu.externaltools.gnu-tools-for-stm32.7-2018-q2-update.win32_1.0.0.201904181610/tools/bin/../lib/gcc/arm-none-eabi/7.3.1/thumb/v7e-m/fpv4-sp/hard\libgcc.a(_udivmoddi4.o)
                              c:/st/stm32cubeide_1.2.0/stm32cubeide/plugins/com.st.stm32cube.ide.mcu.externaltools.gnu-tools-for-stm32.7-2018-q2-update.win32_1.0.0.201904181610/tools/bin/../lib/gcc/arm-none-eabi/7.3.1/thumb/v7e-m/fpv4-sp/hard\libgcc.a(_aeabi_uldivmod.o) (__udivmoddi4)
c:/st/stm32cubeide_1.2.0/stm32cubeide/plugins/com.st.stm32cube.ide.mcu.externaltools.gnu-tools-for-stm32.7-2018-q2-update.win32_1.0.0.201904181610/tools/bin/../lib/gcc/arm-none-eabi/7.3.1/thumb/v7e-m/fpv4-sp/hard\libgcc.a(_dvmd_tls.o)
                              c:/st/stm32cubeide_1.2.0/stm32cubeide/plugins/com.st.stm32cube.ide.mcu.externaltools.gnu-tools-for-stm32.7-2018-q2-update.win32_1.0.0.201904181610/tools/bin/../lib/gcc/arm-none-eabi/7.3.1/thumb/v7e-m/fpv4-sp/hard\libgcc.a(_aeabi_uldivmod.o) (__aeabi_ldiv0)

Allocating common symbols
[...]
Memory Configuration

Name             Origin             Length             Attributes
CCMRAM           0x0000000010000000 0x0000000000010000 xrw
RAM              0x0000000020000000 0x0000000000020000 xrw
FLASH            0x0000000008000000 0x0000000000100000 xr
*default*        0x0000000000000000 0xffffffffffffffff

Linker script and memory map

LOAD c:/st/stm32cubeide_1.2.0/stm32cubeide/plugins/com.st.stm32cube.ide.mcu.externaltools.gnu-tools-for-stm32.7-2018-q2-update.win32_1.0.0.201904181610/tools/bin/../lib/gcc/arm-none-eabi/7.3.1/thumb/v7e-m/fpv4-sp/hard/crti.o
LOAD c:/st/stm32cubeide_1.2.0/stm32cubeide/plugins/com.st.stm32cube.ide.mcu.externaltools.gnu-tools-for-stm32.7-2018-q2-update.win32_1.0.0.201904181610/tools/bin/../lib/gcc/arm-none-eabi/7.3.1/thumb/v7e-m/fpv4-sp/hard/crtbegin.o
LOAD c:/st/stm32cubeide_1.2.0/stm32cubeide/plugins/com.st.stm32cube.ide.mcu.externaltools.gnu-tools-for-stm32.7-2018-q2-update.win32_1.0.0.201904181610/tools/bin/../lib/gcc/arm-none-eabi/7.3.1/../../../../arm-none-eabi/lib/thumb/v7e-m/fpv4-sp/hard/crt0.o
LOAD Core/Src/conv.o
LOAD Core/Src/display.o
LOAD Core/Src/font.o
LOAD Core/Src/main.o
LOAD Core/Src/stm32f4xx_hal_msp.o
LOAD Core/Src/stm32f4xx_it.o
LOAD Core/Src/syscalls.o
LOAD Core/Src/sysmem.o
LOAD Core/Src/system_stm32f4xx.o
LOAD Core/Src/uart.o
LOAD Core/Startup/startup_stm32f407vgtx.o
LOAD Drivers/STM32F4xx_HAL_Driver/Src/stm32f4xx_hal.o
LOAD Drivers/STM32F4xx_HAL_Driver/Src/stm32f4xx_hal_cortex.o
LOAD Drivers/STM32F4xx_HAL_Driver/Src/stm32f4xx_hal_dma.o
LOAD Drivers/STM32F4xx_HAL_Driver/Src/stm32f4xx_hal_dma_ex.o
LOAD Drivers/STM32F4xx_HAL_Driver/Src/stm32f4xx_hal_exti.o
LOAD Drivers/STM32F4xx_HAL_Driver/Src/stm32f4xx_hal_flash.o
LOAD Drivers/STM32F4xx_HAL_Driver/Src/stm32f4xx_hal_flash_ex.o
LOAD Drivers/STM32F4xx_HAL_Driver/Src/stm32f4xx_hal_flash_ramfunc.o
LOAD Drivers/STM32F4xx_HAL_Driver/Src/stm32f4xx_hal_gpio.o
LOAD Drivers/STM32F4xx_HAL_Driver/Src/stm32f4xx_hal_i2c.o
LOAD Drivers/STM32F4xx_HAL_Driver/Src/stm32f4xx_hal_i2c_ex.o
LOAD Drivers/STM32F4xx_HAL_Driver/Src/stm32f4xx_hal_pwr.o
LOAD Drivers/STM32F4xx_HAL_Driver/Src/stm32f4xx_hal_pwr_ex.o
LOAD Drivers/STM32F4xx_HAL_Driver/Src/stm32f4xx_hal_rcc.o
LOAD Drivers/STM32F4xx_HAL_Driver/Src/stm32f4xx_hal_rcc_ex.o
LOAD Drivers/STM32F4xx_HAL_Driver/Src/stm32f4xx_hal_spi.o
LOAD Drivers/STM32F4xx_HAL_Driver/Src/stm32f4xx_hal_tim.o
LOAD Drivers/STM32F4xx_HAL_Driver/Src/stm32f4xx_hal_tim_ex.o
LOAD Drivers/STM32F4xx_HAL_Driver/Src/stm32f4xx_hal_uart.o
START GROUP
LOAD c:/st/stm32cubeide_1.2.0/stm32cubeide/plugins/com.st.stm32cube.ide.mcu.externaltools.gnu-tools-for-stm32.7-2018-q2-update.win32_1.0.0.201904181610/tools/bin/../lib/gcc/arm-none-eabi/7.3.1/../../../../arm-none-eabi/lib/thumb/v7e-m/fpv4-sp/hard\libc_nano.a
LOAD c:/st/stm32cubeide_1.2.0/stm32cubeide/plugins/com.st.stm32cube.ide.mcu.externaltools.gnu-tools-for-stm32.7-2018-q2-update.win32_1.0.0.201904181610/tools/bin/../lib/gcc/arm-none-eabi/7.3.1/../../../../arm-none-eabi/lib/thumb/v7e-m/fpv4-sp/hard\libm.a
END GROUP
START GROUP
LOAD c:/st/stm32cubeide_1.2.0/stm32cubeide/plugins/com.st.stm32cube.ide.mcu.externaltools.gnu-tools-for-stm32.7-2018-q2-update.win32_1.0.0.201904181610/tools/bin/../lib/gcc/arm-none-eabi/7.3.1/thumb/v7e-m/fpv4-sp/hard\libgcc.a
LOAD c:/st/stm32cubeide_1.2.0/stm32cubeide/plugins/com.st.stm32cube.ide.mcu.externaltools.gnu-tools-for-stm32.7-2018-q2-update.win32_1.0.0.201904181610/tools/bin/../lib/gcc/arm-none-eabi/7.3.1/../../../../arm-none-eabi/lib/thumb/v7e-m/fpv4-sp/hard\libc_nano.a
END GROUP
START GROUP
LOAD c:/st/stm32cubeide_1.2.0/stm32cubeide/plugins/com.st.stm32cube.ide.mcu.externaltools.gnu-tools-for-stm32.7-2018-q2-update.win32_1.0.0.201904181610/tools/bin/../lib/gcc/arm-none-eabi/7.3.1/thumb/v7e-m/fpv4-sp/hard\libgcc.a
LOAD c:/st/stm32cubeide_1.2.0/stm32cubeide/plugins/com.st.stm32cube.ide.mcu.externaltools.gnu-tools-for-stm32.7-2018-q2-update.win32_1.0.0.201904181610/tools/bin/../lib/gcc/arm-none-eabi/7.3.1/../../../../arm-none-eabi/lib/thumb/v7e-m/fpv4-sp/hard\libc_nano.a
LOAD c:/st/stm32cubeide_1.2.0/stm32cubeide/plugins/com.st.stm32cube.ide.mcu.externaltools.gnu-tools-for-stm32.7-2018-q2-update.win32_1.0.0.201904181610/tools/bin/../lib/gcc/arm-none-eabi/7.3.1/../../../../arm-none-eabi/lib/thumb/v7e-m/fpv4-sp/hard\libnosys.a
END GROUP
START GROUP
LOAD c:/st/stm32cubeide_1.2.0/stm32cubeide/plugins/com.st.stm32cube.ide.mcu.externaltools.gnu-tools-for-stm32.7-2018-q2-update.win32_1.0.0.201904181610/tools/bin/../lib/gcc/arm-none-eabi/7.3.1/thumb/v7e-m/fpv4-sp/hard\libgcc.a
LOAD c:/st/stm32cubeide_1.2.0/stm32cubeide/plugins/com.st.stm32cube.ide.mcu.externaltools.gnu-tools-for-stm32.7-2018-q2-update.win32_1.0.0.201904181610/tools/bin/../lib/gcc/arm-none-eabi/7.3.1/../../../../arm-none-eabi/lib/thumb/v7e-m/fpv4-sp/hard\libc_nano.a
LOAD c:/st/stm32cubeide_1.2.0/stm32cubeide/plugins/com.st.stm32cube.ide.mcu.externaltools.gnu-tools-for-stm32.7-2018-q2-update.win32_1.0.0.201904181610/tools/bin/../lib/gcc/arm-none-eabi/7.3.1/../../../../arm-none-eabi/lib/thumb/v7e-m/fpv4-sp/hard\libnosys.a
END GROUP
LOAD c:/st/stm32cubeide_1.2.0/stm32cubeide/plugins/com.st.stm32cube.ide.mcu.externaltools.gnu-tools-for-stm32.7-2018-q2-update.win32_1.0.0.201904181610/tools/bin/../lib/gcc/arm-none-eabi/7.3.1/thumb/v7e-m/fpv4-sp/hard/crtend.o
LOAD c:/st/stm32cubeide_1.2.0/stm32cubeide/plugins/com.st.stm32cube.ide.mcu.externaltools.gnu-tools-for-stm32.7-2018-q2-update.win32_1.0.0.201904181610/tools/bin/../lib/gcc/arm-none-eabi/7.3.1/thumb/v7e-m/fpv4-sp/hard/crtn.o
                0x0000000020020000                _estack = (ORIGIN (RAM) + LENGTH (RAM))
                0x0000000000000200                _Min_Heap_Size = 0x200
                0x0000000000000400                _Min_Stack_Size = 0x400

.isr_vector     0x0000000008000000      0x188
                0x0000000008000000                . = ALIGN (0x4)
 *(.isr_vector)
 .isr_vector    0x0000000008000000      0x188 Core/Startup/startup_stm32f407vgtx.o
                0x0000000008000000                g_pfnVectors
                0x0000000008000188                . = ALIGN (0x4)

.text           0x0000000008000188     0x4f78
                0x0000000008000188                . = ALIGN (0x4)
 *(.text)
 .text          0x0000000008000188       0x40 c:/st/stm32cubeide_1.2.0/stm32cubeide/plugins/com.st.stm32cube.ide.mcu.externaltools.gnu-tools-for-stm32.7-2018-q2-update.win32_1.0.0.201904181610/tools/bin/../lib/gcc/arm-none-eabi/7.3.1/thumb/v7e-m/fpv4-sp/hard/crtbegin.o
 .text          0x00000000080001c8      0x378 c:/st/stm32cubeide_1.2.0/stm32cubeide/plugins/com.st.stm32cube.ide.mcu.externaltools.gnu-tools-for-stm32.7-2018-q2-update.win32_1.0.0.201904181610/tools/bin/../lib/gcc/arm-none-eabi/7.3.1/thumb/v7e-m/fpv4-sp/hard\libgcc.a(_arm_addsubdf3.o)
                0x00000000080001c8                __aeabi_drsub
                0x00000000080001d0                __aeabi_dsub
                0x00000000080001d0                __subdf3
                0x00000000080001d4                __aeabi_dadd
                0x00000000080001d4                __adddf3
                0x000000000800044c                __floatunsidf
                0x000000000800044c                __aeabi_ui2d
                0x000000000800046c                __floatsidf
                0x000000000800046c                __aeabi_i2d
                0x0000000008000490                __aeabi_f2d
                0x0000000008000490                __extendsfdf2
                0x00000000080004d4                __floatundidf
                0x00000000080004d4                __aeabi_ul2d
                0x00000000080004e4                __floatdidf
                0x00000000080004e4                __aeabi_l2d
 .text          0x0000000008000540      0x424 c:/st/stm32cubeide_1.2.0/stm32cubeide/plugins/com.st.stm32cube.ide.mcu.externaltools.gnu-tools-for-stm32.7-2018-q2-update.win32_1.0.0.201904181610/tools/bin/../lib/gcc/arm-none-eabi/7.3.1/thumb/v7e-m/fpv4-sp/hard\libgcc.a(_arm_muldivdf3.o)
                0x0000000008000540                __aeabi_dmul
                0x0000000008000540                __muldf3
                0x0000000008000794                __divdf3
                0x0000000008000794                __aeabi_ddiv
 .text          0x0000000008000964       0xa0 c:/st/stm32cubeide_1.2.0/stm32cubeide/plugins/com.st.stm32cube.ide.mcu.externaltools.gnu-tools-for-stm32.7-2018-q2-update.win32_1.0.0.201904181610/tools/bin/../lib/gcc/arm-none-eabi/7.3.1/thumb/v7e-m/fpv4-sp/hard\libgcc.a(_arm_truncdfsf2.o)
                0x0000000008000964                __truncdfsf2
                0x0000000008000964                __aeabi_d2f
 .text          0x0000000008000a04       0x30 c:/st/stm32cubeide_1.2.0/stm32cubeide/plugins/com.st.stm32cube.ide.mcu.externaltools.gnu-tools-for-stm32.7-2018-q2-update.win32_1.0.0.201904181610/tools/bin/../lib/gcc/arm-none-eabi/7.3.1/thumb/v7e-m/fpv4-sp/hard\libgcc.a(_aeabi_uldivmod.o)
                0x0000000008000a04                __aeabi_uldivmod
 .text          0x0000000008000a34      0x2cc c:/st/stm32cubeide_1.2.0/stm32cubeide/plugins/com.st.stm32cube.ide.mcu.externaltools.gnu-tools-for-stm32.7-2018-q2-update.win32_1.0.0.201904181610/tools/bin/../lib/gcc/arm-none-eabi/7.3.1/thumb/v7e-m/fpv4-sp/hard\libgcc.a(_udivmoddi4.o)
                0x0000000008000a34                __udivmoddi4
 .text          0x0000000008000d00        0x4 c:/st/stm32cubeide_1.2.0/stm32cubeide/plugins/com.st.stm32cube.ide.mcu.externaltools.gnu-tools-for-stm32.7-2018-q2-update.win32_1.0.0.201904181610/tools/bin/../lib/gcc/arm-none-eabi/7.3.1/thumb/v7e-m/fpv4-sp/hard\libgcc.a(_dvmd_tls.o)
                0x0000000008000d00                __aeabi_idiv0
                0x0000000008000d00                __aeabi_ldiv0
 *(.text*)
 .text.intToChar
                0x0000000008000d04       0x74 Core/Src/conv.o
                0x0000000008000d04                intToChar
 .text.displayReset
                0x0000000008000d78       0x28 Core/Src/display.o
                0x0000000008000d78                displayReset
 .text.displayCmd
                0x0000000008000da0       0x44 Core/Src/display.o
                0x0000000008000da0                displayCmd
 .text.displayWrite
                0x0000000008000de4       0x44 Core/Src/display.o
                0x0000000008000de4                displayWrite
 .text.displayInit
                0x0000000008000e28       0x50 Core/Src/display.o
                0x0000000008000e28                displayInit
 .text.displaySetCursor
                0x0000000008000e78       0x44 Core/Src/display.o
                0x0000000008000e78                displaySetCursor
 .text.displayClear
                0x0000000008000ebc       0x30 Core/Src/display.o
                0x0000000008000ebc                displayClear
 .text.displayPrint
                0x0000000008000eec       0xac Core/Src/display.o
                0x0000000008000eec                displayPrint
 .text.displayFloat
                0x0000000008000f98      0x218 Core/Src/display.o
                0x0000000008000f98                displayFloat
 .text.displayDrawLevel
                0x00000000080011b0       0x3c Core/Src/display.o
                0x00000000080011b0                displayDrawLevel
 .text.i2cWrite
                0x00000000080011ec       0x38 Core/Src/main.o
                0x00000000080011ec                i2cWrite
 .text.i2cRead  0x0000000008001224       0x34 Core/Src/main.o
                0x0000000008001224                i2cRead
 .text.odczytX  0x0000000008001258       0x48 Core/Src/main.o
                0x0000000008001258                odczytX
 .text.odczytY  0x00000000080012a0       0x48 Core/Src/main.o
                0x00000000080012a0                odczytY
 .text.ball     0x00000000080012e8      0x450 Core/Src/main.o
                0x00000000080012e8                ball
 .text.main     0x0000000008001738      0x258 Core/Src/main.o
                0x0000000008001738                main
 .text.SystemClock_Config
                0x0000000008001990       0xd4 Core/Src/main.o
                0x0000000008001990                SystemClock_Config
 .text.MX_I2C2_Init
                0x0000000008001a64       0x5c Core/Src/main.o
 .text.MX_SPI3_Init
                0x0000000008001ac0       0x70 Core/Src/main.o
 .text.MX_UART4_Init
                0x0000000008001b30       0x54 Core/Src/main.o
 .text.MX_GPIO_Init
                0x0000000008001b84      0x15c Core/Src/main.o
 .text.Error_Handler
                0x0000000008001ce0        0xe Core/Src/main.o
                0x0000000008001ce0                Error_Handler
 *fill*         0x0000000008001cee        0x2 
 .text.HAL_MspInit
                0x0000000008001cf0       0x50 Core/Src/stm32f4xx_hal_msp.o
                0x0000000008001cf0                HAL_MspInit
 .text.HAL_I2C_MspInit
                0x0000000008001d40       0x90 Core/Src/stm32f4xx_hal_msp.o
                0x0000000008001d40                HAL_I2C_MspInit
 .text.HAL_SPI_MspInit
                0x0000000008001dd0       0x90 Core/Src/stm32f4xx_hal_msp.o
                0x0000000008001dd0                HAL_SPI_MspInit
 .text.HAL_UART_MspInit
                0x0000000008001e60       0x90 Core/Src/stm32f4xx_hal_msp.o
                0x0000000008001e60                HAL_UART_MspInit
 .text.NMI_Handler
                0x0000000008001ef0        0xe Core/Src/stm32f4xx_it.o
                0x0000000008001ef0                NMI_Handler
 .text.HardFault_Handler
                0x0000000008001efe        0x6 Core/Src/stm32f4xx_it.o
                0x0000000008001efe                HardFault_Handler
 .text.MemManage_Handler
                0x0000000008001f04        0x6 Core/Src/stm32f4xx_it.o
                0x0000000008001f04                MemManage_Handler
 .text.BusFault_Handler
                0x0000000008001f0a        0x6 Core/Src/stm32f4xx_it.o
                0x0000000008001f0a                BusFault_Handler
 .text.UsageFault_Handler
                0x0000000008001f10        0x6 Core/Src/stm32f4xx_it.o
                0x0000000008001f10                UsageFault_Handler
 .text.SVC_Handler
                0x0000000008001f16        0xe Core/Src/stm32f4xx_it.o
                0x0000000008001f16                SVC_Handler
 .text.DebugMon_Handler
                0x0000000008001f24        0xe Core/Src/stm32f4xx_it.o
                0x0000000008001f24                DebugMon_Handler
 .text.PendSV_Handler
                0x0000000008001f32        0xe Core/Src/stm32f4xx_it.o
                0x0000000008001f32                PendSV_Handler
 .text.SysTick_Handler
                0x0000000008001f40        0xc Core/Src/stm32f4xx_it.o
                0x0000000008001f40                SysTick_Handler
 .text.EXTI1_IRQHandler
                0x0000000008001f4c       0xa4 Core/Src/stm32f4xx_it.o
                0x0000000008001f4c                EXTI1_IRQHandler
 .text.SystemInit
                0x0000000008001ff0       0x2c Core/Src/system_stm32f4xx.o
                0x0000000008001ff0                SystemInit
 .text.uartPrint
                0x000000000800201c       0x4c Core/Src/uart.o
                0x000000000800201c                uartPrint
 .text.printInt
                0x0000000008002068      0x440 Core/Src/uart.o
                0x0000000008002068                printInt
 .text.Reset_Handler
                0x00000000080024a8       0x50 Core/Startup/startup_stm32f407vgtx.o
                0x00000000080024a8                Reset_Handler
 .text.Default_Handler
                0x00000000080024f8        0x2 Core/Startup/startup_stm32f407vgtx.o
                0x00000000080024f8                RTC_Alarm_IRQHandler
                0x00000000080024f8                HASH_RNG_IRQHandler
                0x00000000080024f8                EXTI2_IRQHandler
                0x00000000080024f8                TIM8_CC_IRQHandler
                0x00000000080024f8                TIM1_CC_IRQHandler
                0x00000000080024f8                DMA2_Stream5_IRQHandler
                0x00000000080024f8                DMA1_Stream5_IRQHandler
                0x00000000080024f8                PVD_IRQHandler
                0x00000000080024f8                SDIO_IRQHandler
                0x00000000080024f8                TAMP_STAMP_IRQHandler
                0x00000000080024f8                CAN2_RX1_IRQHandler
                0x00000000080024f8                EXTI3_IRQHandler
                0x00000000080024f8                TIM8_TRG_COM_TIM14_IRQHandler
                0x00000000080024f8                TIM1_UP_TIM10_IRQHandler
                0x00000000080024f8                TIM8_UP_TIM13_IRQHandler
                0x00000000080024f8                I2C3_ER_IRQHandler
                0x00000000080024f8                EXTI0_IRQHandler
                0x00000000080024f8                I2C2_EV_IRQHandler
                0x00000000080024f8                DMA1_Stream2_IRQHandler
                0x00000000080024f8                CAN1_RX0_IRQHandler
                0x00000000080024f8                FPU_IRQHandler
                0x00000000080024f8                OTG_HS_WKUP_IRQHandler
                0x00000000080024f8                CAN2_SCE_IRQHandler
                0x00000000080024f8                DMA2_Stream2_IRQHandler
                0x00000000080024f8                SPI1_IRQHandler
                0x00000000080024f8                TIM6_DAC_IRQHandler
                0x00000000080024f8                TIM1_BRK_TIM9_IRQHandler
                0x00000000080024f8                DCMI_IRQHandler
                0x00000000080024f8                CAN2_RX0_IRQHandler
                0x00000000080024f8                DMA2_Stream3_IRQHandler
                0x00000000080024f8                USART6_IRQHandler
                0x00000000080024f8                USART3_IRQHandler
                0x00000000080024f8                CAN1_RX1_IRQHandler
                0x00000000080024f8                UART5_IRQHandler
                0x00000000080024f8                DMA2_Stream0_IRQHandler
                0x00000000080024f8                TIM4_IRQHandler
                0x00000000080024f8                I2C1_EV_IRQHandler
                0x00000000080024f8                DMA1_Stream6_IRQHandler
                0x00000000080024f8                DMA1_Stream1_IRQHandler
                0x00000000080024f8                UART4_IRQHandler
                0x00000000080024f8                TIM3_IRQHandler
                0x00000000080024f8                RCC_IRQHandler
                0x00000000080024f8                TIM8_BRK_TIM12_IRQHandler
                0x00000000080024f8                Default_Handler
                0x00000000080024f8                EXTI15_10_IRQHandler
                0x00000000080024f8                ADC_IRQHandler
                0x00000000080024f8                DMA1_Stream7_IRQHandler
                0x00000000080024f8                TIM7_IRQHandler
                0x00000000080024f8                CAN2_TX_IRQHandler
                0x00000000080024f8                TIM5_IRQHandler
                0x00000000080024f8                DMA2_Stream7_IRQHandler
                0x00000000080024f8                I2C3_EV_IRQHandler
                0x00000000080024f8                EXTI9_5_IRQHandler
                0x00000000080024f8                RTC_WKUP_IRQHandler
                0x00000000080024f8                ETH_WKUP_IRQHandler
                0x00000000080024f8                SPI2_IRQHandler
                0x00000000080024f8                OTG_HS_EP1_IN_IRQHandler
                0x00000000080024f8                DMA1_Stream0_IRQHandler
                0x00000000080024f8                CAN1_TX_IRQHandler
                0x00000000080024f8                EXTI4_IRQHandler
                0x00000000080024f8                FSMC_IRQHandler
                0x00000000080024f8                ETH_IRQHandler
                0x00000000080024f8                OTG_HS_EP1_OUT_IRQHandler
                0x00000000080024f8                WWDG_IRQHandler
                0x00000000080024f8                TIM2_IRQHandler
                0x00000000080024f8                OTG_FS_WKUP_IRQHandler
                0x00000000080024f8                TIM1_TRG_COM_TIM11_IRQHandler
                0x00000000080024f8                OTG_HS_IRQHandler
                0x00000000080024f8                USART2_IRQHandler
                0x00000000080024f8                I2C2_ER_IRQHandler
                0x00000000080024f8                DMA2_Stream1_IRQHandler
                0x00000000080024f8                CAN1_SCE_IRQHandler
                0x00000000080024f8                FLASH_IRQHandler
                0x00000000080024f8                DMA2_Stream4_IRQHandler
                0x00000000080024f8                USART1_IRQHandler
                0x00000000080024f8                OTG_FS_IRQHandler
                0x00000000080024f8                SPI3_IRQHandler
                0x00000000080024f8                DMA1_Stream4_IRQHandler
                0x00000000080024f8                I2C1_ER_IRQHandler
                0x00000000080024f8                DMA2_Stream6_IRQHandler
                0x00000000080024f8                DMA1_Stream3_IRQHandler
 *fill*         0x00000000080024fa        0x2 
 .text.HAL_Init
                0x00000000080024fc       0x44 Drivers/STM32F4xx_HAL_Driver/Src/stm32f4xx_hal.o
                0x00000000080024fc                HAL_Init
 .text.HAL_InitTick
                0x0000000008002540       0x60 Drivers/STM32F4xx_HAL_Driver/Src/stm32f4xx_hal.o
                0x0000000008002540                HAL_InitTick
 .text.HAL_IncTick
                0x00000000080025a0       0x28 Drivers/STM32F4xx_HAL_Driver/Src/stm32f4xx_hal.o
                0x00000000080025a0                HAL_IncTick
 .text.HAL_GetTick
                0x00000000080025c8       0x18 Drivers/STM32F4xx_HAL_Driver/Src/stm32f4xx_hal.o
                0x00000000080025c8                HAL_GetTick
 .text.HAL_Delay
                0x00000000080025e0       0x44 Drivers/STM32F4xx_HAL_Driver/Src/stm32f4xx_hal.o
                0x00000000080025e0                HAL_Delay
 .text.__NVIC_SetPriorityGrouping
                0x0000000008002624       0x48 Drivers/STM32F4xx_HAL_Driver/Src/stm32f4xx_hal_cortex.o
 .text.__NVIC_GetPriorityGrouping
                0x000000000800266c       0x1c Drivers/STM32F4xx_HAL_Driver/Src/stm32f4xx_hal_cortex.o
 .text.__NVIC_EnableIRQ
                0x0000000008002688       0x3c Drivers/STM32F4xx_HAL_Driver/Src/stm32f4xx_hal_cortex.o
 .text.__NVIC_ClearPendingIRQ
                0x00000000080026c4       0x3c Drivers/STM32F4xx_HAL_Driver/Src/stm32f4xx_hal_cortex.o
 .text.__NVIC_SetPriority
                0x0000000008002700       0x54 Drivers/STM32F4xx_HAL_Driver/Src/stm32f4xx_hal_cortex.o
 .text.NVIC_EncodePriority
                0x0000000008002754       0x66 Drivers/STM32F4xx_HAL_Driver/Src/stm32f4xx_hal_cortex.o
 *fill*         0x00000000080027ba        0x2 
 .text.SysTick_Config
                0x00000000080027bc       0x44 Drivers/STM32F4xx_HAL_Driver/Src/stm32f4xx_hal_cortex.o
 .text.HAL_NVIC_SetPriorityGrouping
                0x0000000008002800       0x16 Drivers/STM32F4xx_HAL_Driver/Src/stm32f4xx_hal_cortex.o
                0x0000000008002800                HAL_NVIC_SetPriorityGrouping
 .text.HAL_NVIC_SetPriority
                0x0000000008002816       0x38 Drivers/STM32F4xx_HAL_Driver/Src/stm32f4xx_hal_cortex.o
                0x0000000008002816                HAL_NVIC_SetPriority
 .text.HAL_NVIC_EnableIRQ
                0x000000000800284e       0x1c Drivers/STM32F4xx_HAL_Driver/Src/stm32f4xx_hal_cortex.o
                0x000000000800284e                HAL_NVIC_EnableIRQ
 .text.HAL_SYSTICK_Config
                0x000000000800286a       0x18 Drivers/STM32F4xx_HAL_Driver/Src/stm32f4xx_hal_cortex.o
                0x000000000800286a                HAL_SYSTICK_Config
 .text.HAL_NVIC_ClearPendingIRQ
                0x0000000008002882       0x1c Drivers/STM32F4xx_HAL_Driver/Src/stm32f4xx_hal_cortex.o
                0x0000000008002882                HAL_NVIC_ClearPendingIRQ
 *fill*         0x000000000800289e        0x2 
 .text.HAL_GPIO_Init
                0x00000000080028a0      0x334 Drivers/STM32F4xx_HAL_Driver/Src/stm32f4xx_hal_gpio.o
                0x00000000080028a0                HAL_GPIO_Init
 .text.HAL_GPIO_WritePin
                0x0000000008002bd4       0x32 Drivers/STM32F4xx_HAL_Driver/Src/stm32f4xx_hal_gpio.o
                0x0000000008002bd4                HAL_GPIO_WritePin
 *fill*         0x0000000008002c06        0x2 
 .text.HAL_GPIO_EXTI_IRQHandler
                0x0000000008002c08       0x30 Drivers/STM32F4xx_HAL_Driver/Src/stm32f4xx_hal_gpio.o
                0x0000000008002c08                HAL_GPIO_EXTI_IRQHandler
 .text.HAL_GPIO_EXTI_Callback
                0x0000000008002c38       0x16 Drivers/STM32F4xx_HAL_Driver/Src/stm32f4xx_hal_gpio.o
                0x0000000008002c38                HAL_GPIO_EXTI_Callback
 *fill*         0x0000000008002c4e        0x2 
 .text.HAL_I2C_Init
                0x0000000008002c50      0x270 Drivers/STM32F4xx_HAL_Driver/Src/stm32f4xx_hal_i2c.o
                0x0000000008002c50                HAL_I2C_Init
 .text.HAL_I2C_Mem_Write
                0x0000000008002ec0      0x1f4 Drivers/STM32F4xx_HAL_Driver/Src/stm32f4xx_hal_i2c.o
                0x0000000008002ec0                HAL_I2C_Mem_Write
 .text.HAL_I2C_Mem_Read
                0x00000000080030b4      0x44c Drivers/STM32F4xx_HAL_Driver/Src/stm32f4xx_hal_i2c.o
                0x00000000080030b4                HAL_I2C_Mem_Read
 .text.I2C_RequestMemoryWrite
                0x0000000008003500      0x128 Drivers/STM32F4xx_HAL_Driver/Src/stm32f4xx_hal_i2c.o
 .text.I2C_RequestMemoryRead
                0x0000000008003628      0x1cc Drivers/STM32F4xx_HAL_Driver/Src/stm32f4xx_hal_i2c.o
 .text.I2C_WaitOnFlagUntilTimeout
                0x00000000080037f4       0xae Drivers/STM32F4xx_HAL_Driver/Src/stm32f4xx_hal_i2c.o
 .text.I2C_WaitOnMasterAddressFlagUntilTimeout
                0x00000000080038a2       0xfe Drivers/STM32F4xx_HAL_Driver/Src/stm32f4xx_hal_i2c.o
 .text.I2C_WaitOnTXEFlagUntilTimeout
                0x00000000080039a0       0x82 Drivers/STM32F4xx_HAL_Driver/Src/stm32f4xx_hal_i2c.o
 .text.I2C_WaitOnBTFFlagUntilTimeout
                0x0000000008003a22       0x82 Drivers/STM32F4xx_HAL_Driver/Src/stm32f4xx_hal_i2c.o
 .text.I2C_WaitOnRXNEFlagUntilTimeout
                0x0000000008003aa4       0xac Drivers/STM32F4xx_HAL_Driver/Src/stm32f4xx_hal_i2c.o
 .text.I2C_IsAcknowledgeFailed
                0x0000000008003b50       0x5e Drivers/STM32F4xx_HAL_Driver/Src/stm32f4xx_hal_i2c.o
 *fill*         0x0000000008003bae        0x2 
 .text.HAL_RCC_OscConfig
                0x0000000008003bb0      0x4e0 Drivers/STM32F4xx_HAL_Driver/Src/stm32f4xx_hal_rcc.o
                0x0000000008003bb0                HAL_RCC_OscConfig
 .text.HAL_RCC_ClockConfig
                0x0000000008004090      0x1cc Drivers/STM32F4xx_HAL_Driver/Src/stm32f4xx_hal_rcc.o
                0x0000000008004090                HAL_RCC_ClockConfig
 .text.HAL_RCC_GetSysClockFreq
                0x000000000800425c      0x1b0 Drivers/STM32F4xx_HAL_Driver/Src/stm32f4xx_hal_rcc.o
                0x000000000800425c                HAL_RCC_GetSysClockFreq
 .text.HAL_RCC_GetHCLKFreq
                0x000000000800440c       0x18 Drivers/STM32F4xx_HAL_Driver/Src/stm32f4xx_hal_rcc.o
                0x000000000800440c                HAL_RCC_GetHCLKFreq
 .text.HAL_RCC_GetPCLK1Freq
                0x0000000008004424       0x28 Drivers/STM32F4xx_HAL_Driver/Src/stm32f4xx_hal_rcc.o
                0x0000000008004424                HAL_RCC_GetPCLK1Freq
 .text.HAL_RCC_GetPCLK2Freq
                0x000000000800444c       0x28 Drivers/STM32F4xx_HAL_Driver/Src/stm32f4xx_hal_rcc.o
                0x000000000800444c                HAL_RCC_GetPCLK2Freq
 .text.HAL_SPI_Init
                0x0000000008004474       0xc8 Drivers/STM32F4xx_HAL_Driver/Src/stm32f4xx_hal_spi.o
                0x0000000008004474                HAL_SPI_Init
 .text.HAL_SPI_Transmit
                0x000000000800453c      0x268 Drivers/STM32F4xx_HAL_Driver/Src/stm32f4xx_hal_spi.o
                0x000000000800453c                HAL_SPI_Transmit
 .text.SPI_WaitFlagStateUntilTimeout
                0x00000000080047a4       0xd4 Drivers/STM32F4xx_HAL_Driver/Src/stm32f4xx_hal_spi.o
 .text.SPI_EndRxTxTransaction
                0x0000000008004878       0x84 Drivers/STM32F4xx_HAL_Driver/Src/stm32f4xx_hal_spi.o
 .text.HAL_UART_Init
                0x00000000080048fc       0x9a Drivers/STM32F4xx_HAL_Driver/Src/stm32f4xx_hal_uart.o
                0x00000000080048fc                HAL_UART_Init
 *fill*         0x0000000008004996        0x2 
 .text.UART_SetConfig
                0x0000000008004998      0x6f8 Drivers/STM32F4xx_HAL_Driver/Src/stm32f4xx_hal_uart.o
 .text.__libc_init_array
                0x0000000008005090       0x48 c:/st/stm32cubeide_1.2.0/stm32cubeide/plugins/com.st.stm32cube.ide.mcu.externaltools.gnu-tools-for-stm32.7-2018-q2-update.win32_1.0.0.201904181610/tools/bin/../lib/gcc/arm-none-eabi/7.3.1/../../../../arm-none-eabi/lib/thumb/v7e-m/fpv4-sp/hard\libc_nano.a(lib_a-init.o)
                0x0000000008005090                __libc_init_array
 .text.memset   0x00000000080050d8       0x10 c:/st/stm32cubeide_1.2.0/stm32cubeide/plugins/com.st.stm32cube.ide.mcu.externaltools.gnu-tools-for-stm32.7-2018-q2-update.win32_1.0.0.201904181610/tools/bin/../lib/gcc/arm-none-eabi/7.3.1/../../../../arm-none-eabi/lib/thumb/v7e-m/fpv4-sp/hard\libc_nano.a(lib_a-memset.o)
                0x00000000080050d8                memset
 *(.glue_7)
 .glue_7        0x00000000080050e8        0x0 linker stubs
 *(.glue_7t)
 .glue_7t       0x00000000080050e8        0x0 linker stubs
 *(.eh_frame)
 .eh_frame      0x00000000080050e8        0x0 c:/st/stm32cubeide_1.2.0/stm32cubeide/plugins/com.st.stm32cube.ide.mcu.externaltools.gnu-tools-for-stm32.7-2018-q2-update.win32_1.0.0.201904181610/tools/bin/../lib/gcc/arm-none-eabi/7.3.1/thumb/v7e-m/fpv4-sp/hard/crtbegin.o
 *(.init)
 .init          0x00000000080050e8        0x4 c:/st/stm32cubeide_1.2.0/stm32cubeide/plugins/com.st.stm32cube.ide.mcu.externaltools.gnu-tools-for-stm32.7-2018-q2-update.win32_1.0.0.201904181610/tools/bin/../lib/gcc/arm-none-eabi/7.3.1/thumb/v7e-m/fpv4-sp/hard/crti.o
                0x00000000080050e8                _init
 .init          0x00000000080050ec        0x8 c:/st/stm32cubeide_1.2.0/stm32cubeide/plugins/com.st.stm32cube.ide.mcu.externaltools.gnu-tools-for-stm32.7-2018-q2-update.win32_1.0.0.201904181610/tools/bin/../lib/gcc/arm-none-eabi/7.3.1/thumb/v7e-m/fpv4-sp/hard/crtn.o
 *(.fini)
 .fini          0x00000000080050f4        0x4 c:/st/stm32cubeide_1.2.0/stm32cubeide/plugins/com.st.stm32cube.ide.mcu.externaltools.gnu-tools-for-stm32.7-2018-q2-update.win32_1.0.0.201904181610/tools/bin/../lib/gcc/arm-none-eabi/7.3.1/thumb/v7e-m/fpv4-sp/hard/crti.o
                0x00000000080050f4                _fini
 .fini          0x00000000080050f8        0x8 c:/st/stm32cubeide_1.2.0/stm32cubeide/plugins/com.st.stm32cube.ide.mcu.externaltools.gnu-tools-for-stm32.7-2018-q2-update.win32_1.0.0.201904181610/tools/bin/../lib/gcc/arm-none-eabi/7.3.1/thumb/v7e-m/fpv4-sp/hard/crtn.o
                0x0000000008005100                . = ALIGN (0x4)
                0x0000000008005100                _etext = .

.vfp11_veneer   0x0000000008005100        0x0
 .vfp11_veneer  0x0000000008005100        0x0 linker stubs

.v4_bx          0x0000000008005100        0x0
 .v4_bx         0x0000000008005100        0x0 linker stubs

.iplt           0x0000000008005100        0x0
 .iplt          0x0000000008005100        0x0 c:/st/stm32cubeide_1.2.0/stm32cubeide/plugins/com.st.stm32cube.ide.mcu.externaltools.gnu-tools-for-stm32.7-2018-q2-update.win32_1.0.0.201904181610/tools/bin/../lib/gcc/arm-none-eabi/7.3.1/thumb/v7e-m/fpv4-sp/hard/crtbegin.o

.rodata         0x0000000008005100      0x448
                0x0000000008005100                . = ALIGN (0x4)
 *(.rodata)
 .rodata        0x0000000008005100        0xe Core/Src/display.o
 *fill*         0x000000000800510e        0x2 
 .rodata        0x0000000008005110       0x21 Core/Src/main.o
 *fill*         0x0000000008005131        0x3 
 .rodata        0x0000000008005134       0x15 Core/Src/stm32f4xx_it.o
 *fill*         0x0000000008005149        0x3 
 .rodata        0x000000000800514c        0x6 Core/Src/uart.o
 *(.rodata*)
 *fill*         0x0000000008005152        0x2 
 .rodata.labirynth
                0x0000000008005154      0x1fc Core/Src/display.o
                0x0000000008005154                labirynth
 .rodata.font_ASCII
                0x0000000008005350      0x1e0 Core/Src/font.o
                0x0000000008005350                font_ASCII
 .rodata.AHBPrescTable
                0x0000000008005530       0x10 Core/Src/system_stm32f4xx.o
                0x0000000008005530                AHBPrescTable
 .rodata.APBPrescTable
                0x0000000008005540        0x8 Core/Src/system_stm32f4xx.o
                0x0000000008005540                APBPrescTable
                0x0000000008005548                . = ALIGN (0x4)

.ARM.extab      0x0000000008005548        0x0
                0x0000000008005548                . = ALIGN (0x4)
 *(.ARM.extab* .gnu.linkonce.armextab.*)
                0x0000000008005548                . = ALIGN (0x4)

.ARM            0x0000000008005548        0x8
                0x0000000008005548                . = ALIGN (0x4)
                0x0000000008005548                __exidx_start = .
 *(.ARM.exidx*)
 .ARM.exidx     0x0000000008005548        0x8 c:/st/stm32cubeide_1.2.0/stm32cubeide/plugins/com.st.stm32cube.ide.mcu.externaltools.gnu-tools-for-stm32.7-2018-q2-update.win32_1.0.0.201904181610/tools/bin/../lib/gcc/arm-none-eabi/7.3.1/thumb/v7e-m/fpv4-sp/hard\libgcc.a(_udivmoddi4.o)
                0x0000000008005550                __exidx_end = .
                0x0000000008005550                . = ALIGN (0x4)

.rel.dyn        0x0000000008005550        0x0
 .rel.iplt      0x0000000008005550        0x0 c:/st/stm32cubeide_1.2.0/stm32cubeide/plugins/com.st.stm32cube.ide.mcu.externaltools.gnu-tools-for-stm32.7-2018-q2-update.win32_1.0.0.201904181610/tools/bin/../lib/gcc/arm-none-eabi/7.3.1/thumb/v7e-m/fpv4-sp/hard/crtbegin.o

.preinit_array  0x0000000008005550        0x0
                0x0000000008005550                . = ALIGN (0x4)
                0x0000000008005550                PROVIDE (__preinit_array_start = .)
 *(.preinit_array*)
                0x0000000008005550                PROVIDE (__preinit_array_end = .)
                0x0000000008005550                . = ALIGN (0x4)

.init_array     0x0000000008005550        0x4
                0x0000000008005550                . = ALIGN (0x4)
                0x0000000008005550                PROVIDE (__init_array_start = .)
 *(SORT_BY_NAME(.init_array.*))
 *(.init_array*)
 .init_array    0x0000000008005550        0x4 c:/st/stm32cubeide_1.2.0/stm32cubeide/plugins/com.st.stm32cube.ide.mcu.externaltools.gnu-tools-for-stm32.7-2018-q2-update.win32_1.0.0.201904181610/tools/bin/../lib/gcc/arm-none-eabi/7.3.1/thumb/v7e-m/fpv4-sp/hard/crtbegin.o
                0x0000000008005554                PROVIDE (__init_array_end = .)
                0x0000000008005554                . = ALIGN (0x4)

.fini_array     0x0000000008005554        0x4
                0x0000000008005554                . = ALIGN (0x4)
                [!provide]                        PROVIDE (__fini_array_start = .)
 *(SORT_BY_NAME(.fini_array.*))
 *(.fini_array*)
 .fini_array    0x0000000008005554        0x4 c:/st/stm32cubeide_1.2.0/stm32cubeide/plugins/com.st.stm32cube.ide.mcu.externaltools.gnu-tools-for-stm32.7-2018-q2-update.win32_1.0.0.201904181610/tools/bin/../lib/gcc/arm-none-eabi/7.3.1/thumb/v7e-m/fpv4-sp/hard/crtbegin.o
                [!provide]                        PROVIDE (__fini_array_end = .)
                0x0000000008005558                . = ALIGN (0x4)
                0x0000000008005558                _sidata = LOADADDR (.data)

.data           0x0000000020000000       0x58 load address 0x0000000008005558
                0x0000000020000000                . = ALIGN (0x4)
                0x0000000020000000                _sdata = .
 *(.data)
 *(.data*)
 .data.mode     0x0000000020000000        0x1 Core/Src/main.o
                0x0000000020000000                mode
 *fill*         0x0000000020000001        0x3 
 .data.walls    0x0000000020000004       0x48 Core/Src/main.o
                0x0000000020000004                walls
 .data.SystemCoreClock
                0x000000002000004c        0x4 Core/Src/system_stm32f4xx.o
                0x000000002000004c                SystemCoreClock
 .data.uwTickPrio
                0x0000000020000050        0x4 Drivers/STM32F4xx_HAL_Driver/Src/stm32f4xx_hal.o
                0x0000000020000050                uwTickPrio
 .data.uwTickFreq
                0x0000000020000054        0x1 Drivers/STM32F4xx_HAL_Driver/Src/stm32f4xx_hal.o
                0x0000000020000054                uwTickFreq
                0x0000000020000058                . = ALIGN (0x4)
 *fill*         0x0000000020000055        0x3 
                0x0000000020000058                _edata = .

.igot.plt       0x0000000020000058        0x0 load address 0x00000000080055b0
 .igot.plt      0x0000000020000058        0x0 c:/st/stm32cubeide_1.2.0/stm32cubeide/plugins/com.st.stm32cube.ide.mcu.externaltools.gnu-tools-for-stm32.7-2018-q2-update.win32_1.0.0.201904181610/tools/bin/../lib/gcc/arm-none-eabi/7.3.1/thumb/v7e-m/fpv4-sp/hard/crtbegin.o
                0x0000000020000058                . = ALIGN (0x4)

.bss            0x0000000020000058      0x118 load address 0x00000000080055b0
                0x0000000020000058                _sbss = .
                0x0000000020000058                __bss_start__ = _sbss
 *(.bss)
 .bss           0x0000000020000058       0x1c c:/st/stm32cubeide_1.2.0/stm32cubeide/plugins/com.st.stm32cube.ide.mcu.externaltools.gnu-tools-for-stm32.7-2018-q2-update.win32_1.0.0.201904181610/tools/bin/../lib/gcc/arm-none-eabi/7.3.1/thumb/v7e-m/fpv4-sp/hard/crtbegin.o
 *(.bss*)
 *(COMMON)
 COMMON         0x0000000020000074       0xf8 Core/Src/main.o
                0x0000000020000074                acc
                0x0000000020000080                hi2c2
                0x00000000200000d4                hspi3
                0x000000002000012c                huart4
 COMMON         0x000000002000016c        0x4 Drivers/STM32F4xx_HAL_Driver/Src/stm32f4xx_hal.o
                0x000000002000016c                uwTick
                0x0000000020000170                . = ALIGN (0x4)
                0x0000000020000170                _ebss = .
                0x0000000020000170                __bss_end__ = _ebss

._user_heap_stack
                0x0000000020000170      0x600 load address 0x00000000080055b0
                0x0000000020000170                . = ALIGN (0x8)
                0x0000000020000170                PROVIDE (end = .)
                [!provide]                        PROVIDE (_end = .)
                0x0000000020000370                . = (. + _Min_Heap_Size)
 *fill*         0x0000000020000170      0x200 
                0x0000000020000770                . = (. + _Min_Stack_Size)
 *fill*         0x0000000020000370      0x400 
                0x0000000020000770                . = ALIGN (0x8)

/DISCARD/
 libc.a(*)
 libm.a(*)
 libgcc.a(*)

.ARM.attributes
                0x0000000000000000       0x30
 *(.ARM.attributes)
 .ARM.attributes
                0x0000000000000000       0x22 c:/st/stm32cubeide_1.2.0/stm32cubeide/plugins/com.st.stm32cube.ide.mcu.externaltools.gnu-tools-for-stm32.7-2018-q2-update.win32_1.0.0.201904181610/tools/bin/../lib/gcc/arm-none-eabi/7.3.1/thumb/v7e-m/fpv4-sp/hard/crti.o
 .ARM.attributes
                0x0000000000000022       0x34 c:/st/stm32cubeide_1.2.0/stm32cubeide/plugins/com.st.stm32cube.ide.mcu.externaltools.gnu-tools-for-stm32.7-2018-q2-update.win32_1.0.0.201904181610/tools/bin/../lib/gcc/arm-none-eabi/7.3.1/thumb/v7e-m/fpv4-sp/hard/crtbegin.o
 .ARM.attributes
                0x0000000000000056       0x39 Core/Src/conv.o
 .ARM.attributes
                0x000000000000008f       0x39 Core/Src/display.o
 .ARM.attributes
                0x00000000000000c8       0x39 Core/Src/font.o
 .ARM.attributes
                0x0000000000000101       0x39 Core/Src/main.o
 .ARM.attributes
                0x000000000000013a       0x39 Core/Src/stm32f4xx_hal_msp.o
 .ARM.attributes
                0x0000000000000173       0x39 Core/Src/stm32f4xx_it.o
 .ARM.attributes
                0x00000000000001ac       0x39 Core/Src/system_stm32f4xx.o
 .ARM.attributes
                0x00000000000001e5       0x39 Core/Src/uart.o
 .ARM.attributes
                0x000000000000021e       0x21 Core/Startup/startup_stm32f407vgtx.o
 .ARM.attributes
                0x000000000000023f       0x39 Drivers/STM32F4xx_HAL_Driver/Src/stm32f4xx_hal.o
 .ARM.attributes
                0x0000000000000278       0x39 Drivers/STM32F4xx_HAL_Driver/Src/stm32f4xx_hal_cortex.o
 .ARM.attributes
                0x00000000000002b1       0x39 Drivers/STM32F4xx_HAL_Driver/Src/stm32f4xx_hal_gpio.o
 .ARM.attributes
                0x00000000000002ea       0x39 Drivers/STM32F4xx_HAL_Driver/Src/stm32f4xx_hal_i2c.o
 .ARM.attributes
                0x0000000000000323       0x39 Drivers/STM32F4xx_HAL_Driver/Src/stm32f4xx_hal_rcc.o
 .ARM.attributes
                0x000000000000035c       0x39 Drivers/STM32F4xx_HAL_Driver/Src/stm32f4xx_hal_spi.o
 .ARM.attributes
                0x0000000000000395       0x39 Drivers/STM32F4xx_HAL_Driver/Src/stm32f4xx_hal_uart.o
 .ARM.attributes
                0x00000000000003ce       0x34 c:/st/stm32cubeide_1.2.0/stm32cubeide/plugins/com.st.stm32cube.ide.mcu.externaltools.gnu-tools-for-stm32.7-2018-q2-update.win32_1.0.0.201904181610/tools/bin/../lib/gcc/arm-none-eabi/7.3.1/../../../../arm-none-eabi/lib/thumb/v7e-m/fpv4-sp/hard\libc_nano.a(lib_a-init.o)
 .ARM.attributes
                0x0000000000000402       0x34 c:/st/stm32cubeide_1.2.0/stm32cubeide/plugins/com.st.stm32cube.ide.mcu.externaltools.gnu-tools-for-stm32.7-2018-q2-update.win32_1.0.0.201904181610/tools/bin/../lib/gcc/arm-none-eabi/7.3.1/../../../../arm-none-eabi/lib/thumb/v7e-m/fpv4-sp/hard\libc_nano.a(lib_a-memset.o)
 .ARM.attributes
                0x0000000000000436       0x22 c:/st/stm32cubeide_1.2.0/stm32cubeide/plugins/com.st.stm32cube.ide.mcu.externaltools.gnu-tools-for-stm32.7-2018-q2-update.win32_1.0.0.201904181610/tools/bin/../lib/gcc/arm-none-eabi/7.3.1/thumb/v7e-m/fpv4-sp/hard\libgcc.a(_arm_addsubdf3.o)
 .ARM.attributes
                0x0000000000000458       0x22 c:/st/stm32cubeide_1.2.0/stm32cubeide/plugins/com.st.stm32cube.ide.mcu.externaltools.gnu-tools-for-stm32.7-2018-q2-update.win32_1.0.0.201904181610/tools/bin/../lib/gcc/arm-none-eabi/7.3.1/thumb/v7e-m/fpv4-sp/hard\libgcc.a(_arm_muldivdf3.o)
 .ARM.attributes
                0x000000000000047a       0x22 c:/st/stm32cubeide_1.2.0/stm32cubeide/plugins/com.st.stm32cube.ide.mcu.externaltools.gnu-tools-for-stm32.7-2018-q2-update.win32_1.0.0.201904181610/tools/bin/../lib/gcc/arm-none-eabi/7.3.1/thumb/v7e-m/fpv4-sp/hard\libgcc.a(_arm_truncdfsf2.o)
 .ARM.attributes
                0x000000000000049c       0x22 c:/st/stm32cubeide_1.2.0/stm32cubeide/plugins/com.st.stm32cube.ide.mcu.externaltools.gnu-tools-for-stm32.7-2018-q2-update.win32_1.0.0.201904181610/tools/bin/../lib/gcc/arm-none-eabi/7.3.1/thumb/v7e-m/fpv4-sp/hard\libgcc.a(_aeabi_uldivmod.o)
 .ARM.attributes
                0x00000000000004be       0x34 c:/st/stm32cubeide_1.2.0/stm32cubeide/plugins/com.st.stm32cube.ide.mcu.externaltools.gnu-tools-for-stm32.7-2018-q2-update.win32_1.0.0.201904181610/tools/bin/../lib/gcc/arm-none-eabi/7.3.1/thumb/v7e-m/fpv4-sp/hard\libgcc.a(_udivmoddi4.o)
 .ARM.attributes
                0x00000000000004f2       0x22 c:/st/stm32cubeide_1.2.0/stm32cubeide/plugins/com.st.stm32cube.ide.mcu.externaltools.gnu-tools-for-stm32.7-2018-q2-update.win32_1.0.0.201904181610/tools/bin/../lib/gcc/arm-none-eabi/7.3.1/thumb/v7e-m/fpv4-sp/hard\libgcc.a(_dvmd_tls.o)
 .ARM.attributes
                0x0000000000000514       0x22 c:/st/stm32cubeide_1.2.0/stm32cubeide/plugins/com.st.stm32cube.ide.mcu.externaltools.gnu-tools-for-stm32.7-2018-q2-update.win32_1.0.0.201904181610/tools/bin/../lib/gcc/arm-none-eabi/7.3.1/thumb/v7e-m/fpv4-sp/hard/crtn.o
OUTPUT(Projekt.elf elf32-littlearm)

.debug_info     0x0000000000000000     0xe0fc
 .debug_info    0x0000000000000000      0x2ba Core/Src/conv.o
 .debug_info    0x00000000000002ba     0x140f Core/Src/display.o
 .debug_info    0x00000000000016c9      0x197 Core/Src/font.o
 .debug_info    0x0000000000001860     0x1d6d Core/Src/main.o
 .debug_info    0x00000000000035cd     0x17a2 Core/Src/stm32f4xx_hal_msp.o
 .debug_info    0x0000000000004d6f     0x13ce Core/Src/stm32f4xx_it.o
 .debug_info    0x000000000000613d      0x554 Core/Src/system_stm32f4xx.o
 .debug_info    0x0000000000006691      0x5e8 Core/Src/uart.o
 .debug_info    0x0000000000006c79       0x22 Core/Startup/startup_stm32f407vgtx.o
 .debug_info    0x0000000000006c9b      0x945 Drivers/STM32F4xx_HAL_Driver/Src/stm32f4xx_hal.o
 .debug_info    0x00000000000075e0      0xe28 Drivers/STM32F4xx_HAL_Driver/Src/stm32f4xx_hal_cortex.o
 .debug_info    0x0000000000008408      0x7b5 Drivers/STM32F4xx_HAL_Driver/Src/stm32f4xx_hal_gpio.o
 .debug_info    0x0000000000008bbd     0x23b5 Drivers/STM32F4xx_HAL_Driver/Src/stm32f4xx_hal_i2c.o
 .debug_info    0x000000000000af72      0x904 Drivers/STM32F4xx_HAL_Driver/Src/stm32f4xx_hal_rcc.o
 .debug_info    0x000000000000b876     0x163a Drivers/STM32F4xx_HAL_Driver/Src/stm32f4xx_hal_spi.o
 .debug_info    0x000000000000ceb0     0x124c Drivers/STM32F4xx_HAL_Driver/Src/stm32f4xx_hal_uart.o

.debug_abbrev   0x0000000000000000     0x1d94
 .debug_abbrev  0x0000000000000000      0x14e Core/Src/conv.o
 .debug_abbrev  0x000000000000014e      0x257 Core/Src/display.o
 .debug_abbrev  0x00000000000003a5       0xa4 Core/Src/font.o
 .debug_abbrev  0x0000000000000449      0x30a Core/Src/main.o
 .debug_abbrev  0x0000000000000753      0x20a Core/Src/stm32f4xx_hal_msp.o
 .debug_abbrev  0x000000000000095d      0x1db Core/Src/stm32f4xx_it.o
 .debug_abbrev  0x0000000000000b38      0x12b Core/Src/system_stm32f4xx.o
 .debug_abbrev  0x0000000000000c63      0x17a Core/Src/uart.o
 .debug_abbrev  0x0000000000000ddd       0x12 Core/Startup/startup_stm32f407vgtx.o
 .debug_abbrev  0x0000000000000def      0x1c7 Drivers/STM32F4xx_HAL_Driver/Src/stm32f4xx_hal.o
 .debug_abbrev  0x0000000000000fb6      0x2fa Drivers/STM32F4xx_HAL_Driver/Src/stm32f4xx_hal_cortex.o
 .debug_abbrev  0x00000000000012b0      0x1c9 Drivers/STM32F4xx_HAL_Driver/Src/stm32f4xx_hal_gpio.o
 .debug_abbrev  0x0000000000001479      0x254 Drivers/STM32F4xx_HAL_Driver/Src/stm32f4xx_hal_i2c.o
 .debug_abbrev  0x00000000000016cd      0x245 Drivers/STM32F4xx_HAL_Driver/Src/stm32f4xx_hal_rcc.o
 .debug_abbrev  0x0000000000001912      0x240 Drivers/STM32F4xx_HAL_Driver/Src/stm32f4xx_hal_spi.o
 .debug_abbrev  0x0000000000001b52      0x242 Drivers/STM32F4xx_HAL_Driver/Src/stm32f4xx_hal_uart.o

.debug_aranges  0x0000000000000000      0xba0
 .debug_aranges
                0x0000000000000000       0x38 Core/Src/conv.o
 .debug_aranges
                0x0000000000000038       0x70 Core/Src/display.o
 .debug_aranges
                0x00000000000000a8       0x18 Core/Src/font.o
 .debug_aranges
                0x00000000000000c0       0x80 Core/Src/main.o
 .debug_aranges
                0x0000000000000140       0x50 Core/Src/stm32f4xx_hal_msp.o
 .debug_aranges
                0x0000000000000190       0x68 Core/Src/stm32f4xx_it.o
 .debug_aranges
                0x00000000000001f8       0x28 Core/Src/system_stm32f4xx.o
 .debug_aranges
                0x0000000000000220       0x38 Core/Src/uart.o
 .debug_aranges
                0x0000000000000258       0x28 Core/Startup/startup_stm32f407vgtx.o
 .debug_aranges
                0x0000000000000280       0xf0 Drivers/STM32F4xx_HAL_Driver/Src/stm32f4xx_hal.o
 .debug_aranges
                0x0000000000000370      0x118 Drivers/STM32F4xx_HAL_Driver/Src/stm32f4xx_hal_cortex.o
 .debug_aranges
                0x0000000000000488       0x58 Drivers/STM32F4xx_HAL_Driver/Src/stm32f4xx_hal_gpio.o
 .debug_aranges
                0x00000000000004e0      0x298 Drivers/STM32F4xx_HAL_Driver/Src/stm32f4xx_hal_i2c.o
 .debug_aranges
                0x0000000000000778       0x88 Drivers/STM32F4xx_HAL_Driver/Src/stm32f4xx_hal_rcc.o
 .debug_aranges
                0x0000000000000800      0x1d0 Drivers/STM32F4xx_HAL_Driver/Src/stm32f4xx_hal_spi.o
 .debug_aranges
                0x00000000000009d0      0x1d0 Drivers/STM32F4xx_HAL_Driver/Src/stm32f4xx_hal_uart.o

.debug_ranges   0x0000000000000000      0xb20
 .debug_ranges  0x0000000000000000       0x58 Core/Src/conv.o
 .debug_ranges  0x0000000000000058       0x78 Core/Src/display.o
 .debug_ranges  0x00000000000000d0       0x88 Core/Src/main.o
 .debug_ranges  0x0000000000000158       0x40 Core/Src/stm32f4xx_hal_msp.o
 .debug_ranges  0x0000000000000198       0x58 Core/Src/stm32f4xx_it.o
 .debug_ranges  0x00000000000001f0       0x18 Core/Src/system_stm32f4xx.o
 .debug_ranges  0x0000000000000208       0x28 Core/Src/uart.o
 .debug_ranges  0x0000000000000230       0x20 Core/Startup/startup_stm32f407vgtx.o
 .debug_ranges  0x0000000000000250       0xe0 Drivers/STM32F4xx_HAL_Driver/Src/stm32f4xx_hal.o
 .debug_ranges  0x0000000000000330      0x108 Drivers/STM32F4xx_HAL_Driver/Src/stm32f4xx_hal_cortex.o
 .debug_ranges  0x0000000000000438       0x48 Drivers/STM32F4xx_HAL_Driver/Src/stm32f4xx_hal_gpio.o
 .debug_ranges  0x0000000000000480      0x2a8 Drivers/STM32F4xx_HAL_Driver/Src/stm32f4xx_hal_i2c.o
 .debug_ranges  0x0000000000000728       0x78 Drivers/STM32F4xx_HAL_Driver/Src/stm32f4xx_hal_rcc.o
 .debug_ranges  0x00000000000007a0      0x1c0 Drivers/STM32F4xx_HAL_Driver/Src/stm32f4xx_hal_spi.o
 .debug_ranges  0x0000000000000960      0x1c0 Drivers/STM32F4xx_HAL_Driver/Src/stm32f4xx_hal_uart.o

.debug_macro    0x0000000000000000    0x20d02
 .debug_macro   0x0000000000000000      0x1e2 Core/Src/conv.o
 .debug_macro   0x00000000000001e2      0xa5a Core/Src/conv.o
 .debug_macro   0x0000000000000c3c      0x190 Core/Src/conv.o
 .debug_macro   0x0000000000000dcc       0x32 Core/Src/conv.o
 .debug_macro   0x0000000000000dfe       0x2f Core/Src/conv.o
 .debug_macro   0x0000000000000e2d       0x22 Core/Src/conv.o
 .debug_macro   0x0000000000000e4f       0x8e Core/Src/conv.o
 .debug_macro   0x0000000000000edd       0x51 Core/Src/conv.o
 .debug_macro   0x0000000000000f2e       0xef Core/Src/conv.o
 .debug_macro   0x000000000000101d       0x6a Core/Src/conv.o
 .debug_macro   0x0000000000001087      0x1df Core/Src/conv.o
 .debug_macro   0x0000000000001266       0x1c Core/Src/conv.o
 .debug_macro   0x0000000000001282       0x22 Core/Src/conv.o
 .debug_macro   0x00000000000012a4       0xdf Core/Src/conv.o
 .debug_macro   0x0000000000001383     0x102d Core/Src/conv.o
 .debug_macro   0x00000000000023b0      0x11f Core/Src/conv.o
 .debug_macro   0x00000000000024cf    0x15e3c Core/Src/conv.o
 .debug_macro   0x000000000001830b       0x43 Core/Src/conv.o
 .debug_macro   0x000000000001834e     0x3652 Core/Src/conv.o
 .debug_macro   0x000000000001b9a0      0x174 Core/Src/conv.o
 .debug_macro   0x000000000001bb14       0x5a Core/Src/conv.o
 .debug_macro   0x000000000001bb6e      0x96b Core/Src/conv.o
 .debug_macro   0x000000000001c4d9      0x9fe Core/Src/conv.o
 .debug_macro   0x000000000001ced7      0x174 Core/Src/conv.o
 .debug_macro   0x000000000001d04b      0x117 Core/Src/conv.o
 .debug_macro   0x000000000001d162      0x13e Core/Src/conv.o
 .debug_macro   0x000000000001d2a0       0x27 Core/Src/conv.o
 .debug_macro   0x000000000001d2c7      0x287 Core/Src/conv.o
 .debug_macro   0x000000000001d54e       0x5f Core/Src/conv.o
 .debug_macro   0x000000000001d5ad      0x236 Core/Src/conv.o
 .debug_macro   0x000000000001d7e3      0x12c Core/Src/conv.o
 .debug_macro   0x000000000001d90f      0x21e Core/Src/conv.o
 .debug_macro   0x000000000001db2d       0x2e Core/Src/conv.o
 .debug_macro   0x000000000001db5b      0x1b5 Core/Src/conv.o
 .debug_macro   0x000000000001dd10       0xd6 Core/Src/conv.o
 .debug_macro   0x000000000001dde6      0x11a Core/Src/conv.o
 .debug_macro   0x000000000001df00       0x7e Core/Src/conv.o
 .debug_macro   0x000000000001df7e       0x89 Core/Src/conv.o
 .debug_macro   0x000000000001e007      0x225 Core/Src/conv.o
 .debug_macro   0x000000000001e22c      0x287 Core/Src/conv.o
 .debug_macro   0x000000000001e4b3      0x12d Core/Src/conv.o
 .debug_macro   0x000000000001e5e0      0x29b Core/Src/display.o
 .debug_macro   0x000000000001e87b       0x46 Core/Src/display.o
 .debug_macro   0x000000000001e8c1       0x18 Core/Src/display.o
 .debug_macro   0x000000000001e8d9       0x3c Core/Src/display.o
 .debug_macro   0x000000000001e915       0x34 Core/Src/display.o
 .debug_macro   0x000000000001e949       0x52 Core/Src/display.o
 .debug_macro   0x000000000001e99b       0x1f Core/Src/display.o
 .debug_macro   0x000000000001e9ba       0x43 Core/Src/display.o
 .debug_macro   0x000000000001e9fd       0x20 Core/Src/display.o
 .debug_macro   0x000000000001ea1d      0x1a3 Core/Src/display.o
 .debug_macro   0x000000000001ebc0      0x32a Core/Src/display.o
 .debug_macro   0x000000000001eeea      0x1e1 Core/Src/display.o
 .debug_macro   0x000000000001f0cb       0x52 Core/Src/display.o
 .debug_macro   0x000000000001f11d      0x1e2 Core/Src/font.o
 .debug_macro   0x000000000001f2ff      0x2f1 Core/Src/main.o
 .debug_macro   0x000000000001f5f0      0x28b Core/Src/stm32f4xx_hal_msp.o
 .debug_macro   0x000000000001f87b      0x2a1 Core/Src/stm32f4xx_it.o
 .debug_macro   0x000000000001fb1c      0x1e4 Core/Src/system_stm32f4xx.o
 .debug_macro   0x000000000001fd00      0x1e6 Core/Src/uart.o
 .debug_macro   0x000000000001fee6      0x23e Drivers/STM32F4xx_HAL_Driver/Src/stm32f4xx_hal.o
 .debug_macro   0x0000000000020124      0x1de Drivers/STM32F4xx_HAL_Driver/Src/stm32f4xx_hal_cortex.o
 .debug_macro   0x0000000000020302      0x214 Drivers/STM32F4xx_HAL_Driver/Src/stm32f4xx_hal_gpio.o
 .debug_macro   0x0000000000020516      0x21e Drivers/STM32F4xx_HAL_Driver/Src/stm32f4xx_hal_i2c.o
 .debug_macro   0x0000000000020734      0x202 Drivers/STM32F4xx_HAL_Driver/Src/stm32f4xx_hal_rcc.o
 .debug_macro   0x0000000000020936      0x1ed Drivers/STM32F4xx_HAL_Driver/Src/stm32f4xx_hal_spi.o
 .debug_macro   0x0000000000020b23      0x1df Drivers/STM32F4xx_HAL_Driver/Src/stm32f4xx_hal_uart.o

.debug_line     0x0000000000000000     0xa2f4
 .debug_line    0x0000000000000000      0x763 Core/Src/conv.o
 .debug_line    0x0000000000000763      0x992 Core/Src/display.o
 .debug_line    0x00000000000010f5      0x6b8 Core/Src/font.o
 .debug_line    0x00000000000017ad      0xa81 Core/Src/main.o
 .debug_line    0x000000000000222e      0x891 Core/Src/stm32f4xx_hal_msp.o
 .debug_line    0x0000000000002abf      0x8e6 Core/Src/stm32f4xx_it.o
 .debug_line    0x00000000000033a5      0x6f3 Core/Src/system_stm32f4xx.o
 .debug_line    0x0000000000003a98      0x775 Core/Src/uart.o
 .debug_line    0x000000000000420d       0x86 Core/Startup/startup_stm32f407vgtx.o
 .debug_line    0x0000000000004293      0x8dd Drivers/STM32F4xx_HAL_Driver/Src/stm32f4xx_hal.o
 .debug_line    0x0000000000004b70      0xa01 Drivers/STM32F4xx_HAL_Driver/Src/stm32f4xx_hal_cortex.o
 .debug_line    0x0000000000005571      0x8bc Drivers/STM32F4xx_HAL_Driver/Src/stm32f4xx_hal_gpio.o
 .debug_line    0x0000000000005e2d     0x1b17 Drivers/STM32F4xx_HAL_Driver/Src/stm32f4xx_hal_i2c.o
 .debug_line    0x0000000000007944      0x935 Drivers/STM32F4xx_HAL_Driver/Src/stm32f4xx_hal_rcc.o
 .debug_line    0x0000000000008279     0x1090 Drivers/STM32F4xx_HAL_Driver/Src/stm32f4xx_hal_spi.o
 .debug_line    0x0000000000009309      0xfeb Drivers/STM32F4xx_HAL_Driver/Src/stm32f4xx_hal_uart.o

.debug_str      0x0000000000000000    0xc5286
 .debug_str     0x0000000000000000    0xbe3fc Core/Src/conv.o
                                      0xbe688 (size before relaxing)
 .debug_str     0x00000000000be3fc     0x3e5a Core/Src/display.o
                                      0xc25e4 (size before relaxing)
 .debug_str     0x00000000000c2256       0x13 Core/Src/font.o
                                      0xbe64f (size before relaxing)
 .debug_str     0x00000000000c2269      0xb1a Core/Src/main.o
                                      0xc30a8 (size before relaxing)
 .debug_str     0x00000000000c2d83       0xa4 Core/Src/stm32f4xx_hal_msp.o
                                      0xc292f (size before relaxing)
 .debug_str     0x00000000000c2e27       0xce Core/Src/stm32f4xx_it.o
                                      0xc2a87 (size before relaxing)
 .debug_str     0x00000000000c2ef5       0xc4 Core/Src/system_stm32f4xx.o
                                      0xbe7f1 (size before relaxing)
 .debug_str     0x00000000000c2fb9       0x3a Core/Src/uart.o
                                      0xbe7db (size before relaxing)
 .debug_str     0x00000000000c2ff3       0x36 Core/Startup/startup_stm32f407vgtx.o
                                         0x64 (size before relaxing)
 .debug_str     0x00000000000c3029      0x58d Drivers/STM32F4xx_HAL_Driver/Src/stm32f4xx_hal.o
                                      0xbf2be (size before relaxing)
 .debug_str     0x00000000000c35b6      0x399 Drivers/STM32F4xx_HAL_Driver/Src/stm32f4xx_hal_cortex.o
                                      0xbf0ad (size before relaxing)
 .debug_str     0x00000000000c394f      0x20c Drivers/STM32F4xx_HAL_Driver/Src/stm32f4xx_hal_gpio.o
                                      0xbea30 (size before relaxing)
 .debug_str     0x00000000000c3b5b      0xa8b Drivers/STM32F4xx_HAL_Driver/Src/stm32f4xx_hal_i2c.o
                                      0xbf73a (size before relaxing)
 .debug_str     0x00000000000c45e6      0x24e Drivers/STM32F4xx_HAL_Driver/Src/stm32f4xx_hal_rcc.o
                                      0xbebde (size before relaxing)
 .debug_str     0x00000000000c4834      0x545 Drivers/STM32F4xx_HAL_Driver/Src/stm32f4xx_hal_spi.o
                                      0xbf05f (size before relaxing)
 .debug_str     0x00000000000c4d79      0x50d Drivers/STM32F4xx_HAL_Driver/Src/stm32f4xx_hal_uart.o
                                      0xbf03d (size before relaxing)

.comment        0x0000000000000000       0x7b
 .comment       0x0000000000000000       0x7b Core/Src/conv.o
                                         0x7c (size before relaxing)
 .comment       0x000000000000007b       0x7c Core/Src/display.o
 .comment       0x000000000000007b       0x7c Core/Src/font.o
 .comment       0x000000000000007b       0x7c Core/Src/main.o
 .comment       0x000000000000007b       0x7c Core/Src/stm32f4xx_hal_msp.o
 .comment       0x000000000000007b       0x7c Core/Src/stm32f4xx_it.o
 .comment       0x000000000000007b       0x7c Core/Src/system_stm32f4xx.o
 .comment       0x000000000000007b       0x7c Core/Src/uart.o
 .comment       0x000000000000007b       0x7c Drivers/STM32F4xx_HAL_Driver/Src/stm32f4xx_hal.o
 .comment       0x000000000000007b       0x7c Drivers/STM32F4xx_HAL_Driver/Src/stm32f4xx_hal_cortex.o
 .comment       0x000000000000007b       0x7c Drivers/STM32F4xx_HAL_Driver/Src/stm32f4xx_hal_gpio.o
 .comment       0x000000000000007b       0x7c Drivers/STM32F4xx_HAL_Driver/Src/stm32f4xx_hal_i2c.o
 .comment       0x000000000000007b       0x7c Drivers/STM32F4xx_HAL_Driver/Src/stm32f4xx_hal_rcc.o
 .comment       0x000000000000007b       0x7c Drivers/STM32F4xx_HAL_Driver/Src/stm32f4xx_hal_spi.o
 .comment       0x000000000000007b       0x7c Drivers/STM32F4xx_HAL_Driver/Src/stm32f4xx_hal_uart.o

.debug_frame    0x0000000000000000     0x3108
 .debug_frame   0x0000000000000000       0xac Core/Src/conv.o
 .debug_frame   0x00000000000000ac      0x194 Core/Src/display.o
 .debug_frame   0x0000000000000240      0x1d4 Core/Src/main.o
 .debug_frame   0x0000000000000414      0x110 Core/Src/stm32f4xx_hal_msp.o
 .debug_frame   0x0000000000000524      0x128 Core/Src/stm32f4xx_it.o
 .debug_frame   0x000000000000064c       0x58 Core/Src/system_stm32f4xx.o
 .debug_frame   0x00000000000006a4       0xb0 Core/Src/uart.o
 .debug_frame   0x0000000000000754      0x374 Drivers/STM32F4xx_HAL_Driver/Src/stm32f4xx_hal.o
 .debug_frame   0x0000000000000ac8      0x498 Drivers/STM32F4xx_HAL_Driver/Src/stm32f4xx_hal_cortex.o
 .debug_frame   0x0000000000000f60      0x14c Drivers/STM32F4xx_HAL_Driver/Src/stm32f4xx_hal_gpio.o
 .debug_frame   0x00000000000010ac      0xc38 Drivers/STM32F4xx_HAL_Driver/Src/stm32f4xx_hal_i2c.o
 .debug_frame   0x0000000000001ce4      0x1f0 Drivers/STM32F4xx_HAL_Driver/Src/stm32f4xx_hal_rcc.o
 .debug_frame   0x0000000000001ed4      0x824 Drivers/STM32F4xx_HAL_Driver/Src/stm32f4xx_hal_spi.o
 .debug_frame   0x00000000000026f8      0x844 Drivers/STM32F4xx_HAL_Driver/Src/stm32f4xx_hal_uart.o
 .debug_frame   0x0000000000002f3c       0x2c c:/st/stm32cubeide_1.2.0/stm32cubeide/plugins/com.st.stm32cube.ide.mcu.externaltools.gnu-tools-for-stm32.7-2018-q2-update.win32_1.0.0.201904181610/tools/bin/../lib/gcc/arm-none-eabi/7.3.1/../../../../arm-none-eabi/lib/thumb/v7e-m/fpv4-sp/hard\libc_nano.a(lib_a-init.o)
 .debug_frame   0x0000000000002f68       0x20 c:/st/stm32cubeide_1.2.0/stm32cubeide/plugins/com.st.stm32cube.ide.mcu.externaltools.gnu-tools-for-stm32.7-2018-q2-update.win32_1.0.0.201904181610/tools/bin/../lib/gcc/arm-none-eabi/7.3.1/../../../../arm-none-eabi/lib/thumb/v7e-m/fpv4-sp/hard\libc_nano.a(lib_a-memset.o)
 .debug_frame   0x0000000000002f88       0xac c:/st/stm32cubeide_1.2.0/stm32cubeide/plugins/com.st.stm32cube.ide.mcu.externaltools.gnu-tools-for-stm32.7-2018-q2-update.win32_1.0.0.201904181610/tools/bin/../lib/gcc/arm-none-eabi/7.3.1/thumb/v7e-m/fpv4-sp/hard\libgcc.a(_arm_addsubdf3.o)
 .debug_frame   0x0000000000003034       0x50 c:/st/stm32cubeide_1.2.0/stm32cubeide/plugins/com.st.stm32cube.ide.mcu.externaltools.gnu-tools-for-stm32.7-2018-q2-update.win32_1.0.0.201904181610/tools/bin/../lib/gcc/arm-none-eabi/7.3.1/thumb/v7e-m/fpv4-sp/hard\libgcc.a(_arm_muldivdf3.o)
 .debug_frame   0x0000000000003084       0x24 c:/st/stm32cubeide_1.2.0/stm32cubeide/plugins/com.st.stm32cube.ide.mcu.externaltools.gnu-tools-for-stm32.7-2018-q2-update.win32_1.0.0.201904181610/tools/bin/../lib/gcc/arm-none-eabi/7.3.1/thumb/v7e-m/fpv4-sp/hard\libgcc.a(_arm_truncdfsf2.o)
 .debug_frame   0x00000000000030a8       0x2c c:/st/stm32cubeide_1.2.0/stm32cubeide/plugins/com.st.stm32cube.ide.mcu.externaltools.gnu-tools-for-stm32.7-2018-q2-update.win32_1.0.0.201904181610/tools/bin/../lib/gcc/arm-none-eabi/7.3.1/thumb/v7e-m/fpv4-sp/hard\libgcc.a(_aeabi_uldivmod.o)
 .debug_frame   0x00000000000030d4       0x34 c:/st/stm32cubeide_1.2.0/stm32cubeide/plugins/com.st.stm32cube.ide.mcu.externaltools.gnu-tools-for-stm32.7-2018-q2-update.win32_1.0.0.201904181610/tools/bin/../lib/gcc/arm-none-eabi/7.3.1/thumb/v7e-m/fpv4-sp/hard\libgcc.a(_udivmoddi4.o)
